// Jest Snapshot v1, https://goo.gl/fbAQLP

exports[`Tile component Should concat classname in props with Bulma classname 1`] = `
<div
  className="tile other-class this-is-a-test"
  style={Object {}}
>
  <p>
    Default
  </p>
</div>
`;

exports[`Tile component Should exist 1`] = `[Function]`;

exports[`Tile component Should have notification classname 1`] = `
<div
  className="tile"
  style={Object {}}
>
  <img
    alt="placeholder"
    src="http://bulma.io/images/placeholders/128x128.png"
  />
</div>
`;

exports[`Tile component Should render as Section 1`] = `
<section
  className="tile"
  style={Object {}}
>
  <p>
    Default
  </p>
</section>
`;

exports[`Tile component Should use inline styles 1`] = `
<div
  className="tile"
  style={
    Object {
      "height": 250,
    }
  }
>
  <p>
    Default
  </p>
</div>
`;

exports[`Tile component Should use use color black 1`] = `
<div
  className="tile notification is-black"
  style={Object {}}
>
  <p>
    Default
  </p>
</div>
`;

exports[`Tile component Should use use color danger 1`] = `
<div
  className="tile notification is-danger"
  style={Object {}}
>
  <p>
    Default
  </p>
</div>
`;

exports[`Tile component Should use use color dark 1`] = `
<div
  className="tile notification is-dark"
  style={Object {}}
>
  <p>
    Default
  </p>
</div>
`;

exports[`Tile component Should use use color info 1`] = `
<div
  className="tile notification is-info"
  style={Object {}}
>
  <p>
    Default
  </p>
</div>
`;

exports[`Tile component Should use use color light 1`] = `
<div
  className="tile notification is-light"
  style={Object {}}
>
  <p>
    Default
  </p>
</div>
`;

exports[`Tile component Should use use color null 1`] = `
<div
  className="tile notification"
  style={Object {}}
>
  <p>
    Default
  </p>
</div>
`;

exports[`Tile component Should use use color primary 1`] = `
<div
  className="tile notification is-primary"
  style={Object {}}
>
  <p>
    Default
  </p>
</div>
`;

exports[`Tile component Should use use color success 1`] = `
<div
  className="tile notification is-success"
  style={Object {}}
>
  <p>
    Default
  </p>
</div>
`;

exports[`Tile component Should use use color warning 1`] = `
<div
  className="tile notification is-warning"
  style={Object {}}
>
  <p>
    Default
  </p>
</div>
`;

exports[`Tile component Should use use color white 1`] = `
<div
  className="tile notification is-white"
  style={Object {}}
>
  <p>
    Default
  </p>
</div>
`;
